// Jest Snapshot v1, https://goo.gl/fbAQLP

exports[`<LocaleToggle /> should match the snapshot 1`] = `
<div
  class="Wrapper-sc-1eh3f0x-0 hdXGaY"
>
  <select
    class="Select-qnzjgx-0 cQQWoM"
    style="color: white;"
  >
    <option
      value="en"
    >
      อังกฤษ
    </option>
    <option
      value="th"
    >
      ไทย
    </option>
  </select>
</div>
`;
